// Jest Snapshot v1, https://goo.gl/fbAQLP

exports[`Тестирование ф-сти игры: класс Field Создание класса Метод draw должен отрисовывать поле 1`] = `
Array [
  Object {
    "props": Object {},
    "transform": Array [
      1,
      0,
      0,
      1,
      0,
      0,
    ],
    "type": "beginPath",
  },
]
`;
